// Jest Snapshot v1, https://goo.gl/fbAQLP

exports[`ErrorPage Should render correctly 1`] = `
<div
  className="errorContainer"
>
  <h1
    className="errorCode"
  />
  <h2
    className="errorMessage"
  >
    WHOOPS!
  </h2>
  <h3
    className="errorDescription"
  >
    Something went wrong
  </h3>
</div>
`;
